Archive member included to satisfy reference by file (symbol)

c:/program files (x86)/atmel/studio/7.0/toolchain/avr8/avr8-gnu-toolchain/bin/../lib/gcc/avr/5.4.0/avr5\libgcc.a(_exit.o)
                              C:/Program Files (x86)/Atmel/Studio/7.0/Packs/atmel/ATmega_DFP/1.7.374/gcc/dev/atmega32a/avr5/crtatmega32a.o (exit)
c:/program files (x86)/atmel/studio/7.0/toolchain/avr8/avr8-gnu-toolchain/bin/../lib/gcc/avr/5.4.0/avr5\libgcc.a(_clear_bss.o)
                              Application/application.o (__do_clear_bss)

Allocating common symbols
Common symbol       size              file

overflow_count      0x1               MCAL/Timer/timer.o

Discarded input sections

 .data          0x00000000        0x0 C:/Program Files (x86)/Atmel/Studio/7.0/Packs/atmel/ATmega_DFP/1.7.374/gcc/dev/atmega32a/avr5/crtatmega32a.o
 .bss           0x00000000        0x0 C:/Program Files (x86)/Atmel/Studio/7.0/Packs/atmel/ATmega_DFP/1.7.374/gcc/dev/atmega32a/avr5/crtatmega32a.o
 .text          0x00000000        0x0 Application/application.o
 .data          0x00000000        0x0 Application/application.o
 .bss           0x00000000        0x0 Application/application.o
 .text          0x00000000        0x0 ECUAL/BTN/btn.o
 .data          0x00000000        0x0 ECUAL/BTN/btn.o
 .bss           0x00000000        0x0 ECUAL/BTN/btn.o
 .text.btn_read
                0x00000000        0x6 ECUAL/BTN/btn.o
 .text          0x00000000        0x0 ECUAL/LED/led.o
 .data          0x00000000        0x0 ECUAL/LED/led.o
 .bss           0x00000000        0x0 ECUAL/LED/led.o
 .text          0x00000000        0x0 main.o
 .data          0x00000000        0x0 main.o
 .bss           0x00000000        0x0 main.o
 .text          0x00000000        0x0 MCAL/DIO/dio.o
 .data          0x00000000        0x0 MCAL/DIO/dio.o
 .bss           0x00000000        0x0 MCAL/DIO/dio.o
 .text.DIO_read
                0x00000000       0xd0 MCAL/DIO/dio.o
 .text          0x00000000        0x0 MCAL/Interrupt/interrupt.o
 .data          0x00000000        0x0 MCAL/Interrupt/interrupt.o
 .bss           0x00000000        0x0 MCAL/Interrupt/interrupt.o
 .text          0x00000000        0x0 MCAL/Timer/timer.o
 .data          0x00000000        0x0 MCAL/Timer/timer.o
 .bss           0x00000000        0x0 MCAL/Timer/timer.o
 .text          0x00000000        0x0 c:/program files (x86)/atmel/studio/7.0/toolchain/avr8/avr8-gnu-toolchain/bin/../lib/gcc/avr/5.4.0/avr5\libgcc.a(_exit.o)
 .data          0x00000000        0x0 c:/program files (x86)/atmel/studio/7.0/toolchain/avr8/avr8-gnu-toolchain/bin/../lib/gcc/avr/5.4.0/avr5\libgcc.a(_exit.o)
 .bss           0x00000000        0x0 c:/program files (x86)/atmel/studio/7.0/toolchain/avr8/avr8-gnu-toolchain/bin/../lib/gcc/avr/5.4.0/avr5\libgcc.a(_exit.o)
 .text.libgcc.mul
                0x00000000        0x0 c:/program files (x86)/atmel/studio/7.0/toolchain/avr8/avr8-gnu-toolchain/bin/../lib/gcc/avr/5.4.0/avr5\libgcc.a(_exit.o)
 .text.libgcc.div
                0x00000000        0x0 c:/program files (x86)/atmel/studio/7.0/toolchain/avr8/avr8-gnu-toolchain/bin/../lib/gcc/avr/5.4.0/avr5\libgcc.a(_exit.o)
 .text.libgcc   0x00000000        0x0 c:/program files (x86)/atmel/studio/7.0/toolchain/avr8/avr8-gnu-toolchain/bin/../lib/gcc/avr/5.4.0/avr5\libgcc.a(_exit.o)
 .text.libgcc.prologue
                0x00000000        0x0 c:/program files (x86)/atmel/studio/7.0/toolchain/avr8/avr8-gnu-toolchain/bin/../lib/gcc/avr/5.4.0/avr5\libgcc.a(_exit.o)
 .text.libgcc.builtins
                0x00000000        0x0 c:/program files (x86)/atmel/studio/7.0/toolchain/avr8/avr8-gnu-toolchain/bin/../lib/gcc/avr/5.4.0/avr5\libgcc.a(_exit.o)
 .text.libgcc.fmul
                0x00000000        0x0 c:/program files (x86)/atmel/studio/7.0/toolchain/avr8/avr8-gnu-toolchain/bin/../lib/gcc/avr/5.4.0/avr5\libgcc.a(_exit.o)
 .text.libgcc.fixed
                0x00000000        0x0 c:/program files (x86)/atmel/studio/7.0/toolchain/avr8/avr8-gnu-toolchain/bin/../lib/gcc/avr/5.4.0/avr5\libgcc.a(_exit.o)
 .text          0x00000000        0x0 c:/program files (x86)/atmel/studio/7.0/toolchain/avr8/avr8-gnu-toolchain/bin/../lib/gcc/avr/5.4.0/avr5\libgcc.a(_clear_bss.o)
 .data          0x00000000        0x0 c:/program files (x86)/atmel/studio/7.0/toolchain/avr8/avr8-gnu-toolchain/bin/../lib/gcc/avr/5.4.0/avr5\libgcc.a(_clear_bss.o)
 .bss           0x00000000        0x0 c:/program files (x86)/atmel/studio/7.0/toolchain/avr8/avr8-gnu-toolchain/bin/../lib/gcc/avr/5.4.0/avr5\libgcc.a(_clear_bss.o)
 .text.libgcc.mul
                0x00000000        0x0 c:/program files (x86)/atmel/studio/7.0/toolchain/avr8/avr8-gnu-toolchain/bin/../lib/gcc/avr/5.4.0/avr5\libgcc.a(_clear_bss.o)
 .text.libgcc.div
                0x00000000        0x0 c:/program files (x86)/atmel/studio/7.0/toolchain/avr8/avr8-gnu-toolchain/bin/../lib/gcc/avr/5.4.0/avr5\libgcc.a(_clear_bss.o)
 .text.libgcc   0x00000000        0x0 c:/program files (x86)/atmel/studio/7.0/toolchain/avr8/avr8-gnu-toolchain/bin/../lib/gcc/avr/5.4.0/avr5\libgcc.a(_clear_bss.o)
 .text.libgcc.prologue
                0x00000000        0x0 c:/program files (x86)/atmel/studio/7.0/toolchain/avr8/avr8-gnu-toolchain/bin/../lib/gcc/avr/5.4.0/avr5\libgcc.a(_clear_bss.o)
 .text.libgcc.builtins
                0x00000000        0x0 c:/program files (x86)/atmel/studio/7.0/toolchain/avr8/avr8-gnu-toolchain/bin/../lib/gcc/avr/5.4.0/avr5\libgcc.a(_clear_bss.o)
 .text.libgcc.fmul
                0x00000000        0x0 c:/program files (x86)/atmel/studio/7.0/toolchain/avr8/avr8-gnu-toolchain/bin/../lib/gcc/avr/5.4.0/avr5\libgcc.a(_clear_bss.o)
 .text.libgcc.fixed
                0x00000000        0x0 c:/program files (x86)/atmel/studio/7.0/toolchain/avr8/avr8-gnu-toolchain/bin/../lib/gcc/avr/5.4.0/avr5\libgcc.a(_clear_bss.o)

Memory Configuration

Name             Origin             Length             Attributes
text             0x00000000         0x00008000         xr
data             0x00800060         0x00000800         rw !x
eeprom           0x00810000         0x00000400         rw !x
fuse             0x00820000         0x00000002         rw !x
lock             0x00830000         0x00000400         rw !x
signature        0x00840000         0x00000400         rw !x
user_signatures  0x00850000         0x00000400         rw !x
*default*        0x00000000         0xffffffff

Linker script and memory map

LOAD C:/Program Files (x86)/Atmel/Studio/7.0/Packs/atmel/ATmega_DFP/1.7.374/gcc/dev/atmega32a/avr5/crtatmega32a.o
LOAD Application/application.o
LOAD ECUAL/BTN/btn.o
LOAD ECUAL/LED/led.o
LOAD main.o
LOAD MCAL/DIO/dio.o
LOAD MCAL/Interrupt/interrupt.o
LOAD MCAL/Timer/timer.o
START GROUP
LOAD c:/program files (x86)/atmel/studio/7.0/toolchain/avr8/avr8-gnu-toolchain/bin/../lib/gcc/avr/5.4.0/../../../../avr/lib/avr5\libm.a
END GROUP
START GROUP
LOAD c:/program files (x86)/atmel/studio/7.0/toolchain/avr8/avr8-gnu-toolchain/bin/../lib/gcc/avr/5.4.0/avr5\libgcc.a
LOAD c:/program files (x86)/atmel/studio/7.0/toolchain/avr8/avr8-gnu-toolchain/bin/../lib/gcc/avr/5.4.0/../../../../avr/lib/avr5\libm.a
LOAD c:/program files (x86)/atmel/studio/7.0/toolchain/avr8/avr8-gnu-toolchain/bin/../lib/gcc/avr/5.4.0/../../../../avr/lib/avr5\libc.a
LOAD C:/Program Files (x86)/Atmel/Studio/7.0/Packs/atmel/ATmega_DFP/1.7.374/gcc/dev/atmega32a/avr5\libatmega32a.a
END GROUP
                [0x00000000]                __TEXT_REGION_ORIGIN__ = DEFINED (__TEXT_REGION_ORIGIN__)?__TEXT_REGION_ORIGIN__:0x0
                [0x00800060]                __DATA_REGION_ORIGIN__ = DEFINED (__DATA_REGION_ORIGIN__)?__DATA_REGION_ORIGIN__:0x800060
                [0x00008000]                __TEXT_REGION_LENGTH__ = DEFINED (__TEXT_REGION_LENGTH__)?__TEXT_REGION_LENGTH__:0x20000
                [0x00000800]                __DATA_REGION_LENGTH__ = DEFINED (__DATA_REGION_LENGTH__)?__DATA_REGION_LENGTH__:0xffa0
                [0x00000400]                __EEPROM_REGION_LENGTH__ = DEFINED (__EEPROM_REGION_LENGTH__)?__EEPROM_REGION_LENGTH__:0x10000
                [0x00000002]                __FUSE_REGION_LENGTH__ = DEFINED (__FUSE_REGION_LENGTH__)?__FUSE_REGION_LENGTH__:0x400
                0x00000400                __LOCK_REGION_LENGTH__ = DEFINED (__LOCK_REGION_LENGTH__)?__LOCK_REGION_LENGTH__:0x400
                0x00000400                __SIGNATURE_REGION_LENGTH__ = DEFINED (__SIGNATURE_REGION_LENGTH__)?__SIGNATURE_REGION_LENGTH__:0x400
                0x00000400                __USER_SIGNATURE_REGION_LENGTH__ = DEFINED (__USER_SIGNATURE_REGION_LENGTH__)?__USER_SIGNATURE_REGION_LENGTH__:0x400

.hash
 *(.hash)

.dynsym
 *(.dynsym)

.dynstr
 *(.dynstr)

.gnu.version
 *(.gnu.version)

.gnu.version_d
 *(.gnu.version_d)

.gnu.version_r
 *(.gnu.version_r)

.rel.init
 *(.rel.init)

.rela.init
 *(.rela.init)

.rel.text
 *(.rel.text)
 *(.rel.text.*)
 *(.rel.gnu.linkonce.t*)

.rela.text
 *(.rela.text)
 *(.rela.text.*)
 *(.rela.gnu.linkonce.t*)

.rel.fini
 *(.rel.fini)

.rela.fini
 *(.rela.fini)

.rel.rodata
 *(.rel.rodata)
 *(.rel.rodata.*)
 *(.rel.gnu.linkonce.r*)

.rela.rodata
 *(.rela.rodata)
 *(.rela.rodata.*)
 *(.rela.gnu.linkonce.r*)

.rel.data
 *(.rel.data)
 *(.rel.data.*)
 *(.rel.gnu.linkonce.d*)

.rela.data
 *(.rela.data)
 *(.rela.data.*)
 *(.rela.gnu.linkonce.d*)

.rel.ctors
 *(.rel.ctors)

.rela.ctors
 *(.rela.ctors)

.rel.dtors
 *(.rel.dtors)

.rela.dtors
 *(.rela.dtors)

.rel.got
 *(.rel.got)

.rela.got
 *(.rela.got)

.rel.bss
 *(.rel.bss)

.rela.bss
 *(.rela.bss)

.rel.plt
 *(.rel.plt)

.rela.plt
 *(.rela.plt)

.text           0x00000000      0x646
 *(.vectors)
 .vectors       0x00000000       0x54 C:/Program Files (x86)/Atmel/Studio/7.0/Packs/atmel/ATmega_DFP/1.7.374/gcc/dev/atmega32a/avr5/crtatmega32a.o
                0x00000000                __vector_default
                0x00000000                __vectors
 *(.vectors)
 *(.progmem.gcc*)
                0x00000054                . = ALIGN (0x2)
                0x00000054                __trampolines_start = .
 *(.trampolines)
 .trampolines   0x00000054        0x0 linker stubs
 *(.trampolines*)
                0x00000054                __trampolines_end = .
 *libprintf_flt.a:*(.progmem.data)
 *libc.a:*(.progmem.data)
 *(.progmem*)
                0x00000054                . = ALIGN (0x2)
 *(.jumptables)
 *(.jumptables*)
 *(.lowtext)
 *(.lowtext*)
                0x00000054                __ctors_start = .
 *(.ctors)
                0x00000054                __ctors_end = .
                0x00000054                __dtors_start = .
 *(.dtors)
                0x00000054                __dtors_end = .
 SORT(*)(.ctors)
 SORT(*)(.dtors)
 *(.init0)
 .init0         0x00000054        0x0 C:/Program Files (x86)/Atmel/Studio/7.0/Packs/atmel/ATmega_DFP/1.7.374/gcc/dev/atmega32a/avr5/crtatmega32a.o
                0x00000054                __init
 *(.init0)
 *(.init1)
 *(.init1)
 *(.init2)
 .init2         0x00000054        0xc C:/Program Files (x86)/Atmel/Studio/7.0/Packs/atmel/ATmega_DFP/1.7.374/gcc/dev/atmega32a/avr5/crtatmega32a.o
 *(.init2)
 *(.init3)
 *(.init3)
 *(.init4)
 .init4         0x00000060       0x10 c:/program files (x86)/atmel/studio/7.0/toolchain/avr8/avr8-gnu-toolchain/bin/../lib/gcc/avr/5.4.0/avr5\libgcc.a(_clear_bss.o)
                0x00000060                __do_clear_bss
 *(.init4)
 *(.init5)
 *(.init5)
 *(.init6)
 *(.init6)
 *(.init7)
 *(.init7)
 *(.init8)
 *(.init8)
 *(.init9)
 .init9         0x00000070        0x8 C:/Program Files (x86)/Atmel/Studio/7.0/Packs/atmel/ATmega_DFP/1.7.374/gcc/dev/atmega32a/avr5/crtatmega32a.o
 *(.init9)
 *(.text)
 .text          0x00000078        0x4 C:/Program Files (x86)/Atmel/Studio/7.0/Packs/atmel/ATmega_DFP/1.7.374/gcc/dev/atmega32a/avr5/crtatmega32a.o
                0x00000078                __vector_12
                0x00000078                __bad_interrupt
                0x00000078                __vector_6
                0x00000078                __vector_3
                0x00000078                __vector_13
                0x00000078                __vector_17
                0x00000078                __vector_19
                0x00000078                __vector_7
                0x00000078                __vector_5
                0x00000078                __vector_4
                0x00000078                __vector_9
                0x00000078                __vector_2
                0x00000078                __vector_15
                0x00000078                __vector_8
                0x00000078                __vector_14
                0x00000078                __vector_10
                0x00000078                __vector_16
                0x00000078                __vector_18
                0x00000078                __vector_20
                0x0000007c                . = ALIGN (0x2)
 *(.text.*)
 .text.app_init
                0x0000007c       0x4a Application/application.o
                0x0000007c                app_init
 .text.app_start
                0x000000c6      0x10a Application/application.o
                0x000000c6                app_start
 .text.btn_init
                0x000001d0        0x8 ECUAL/BTN/btn.o
                0x000001d0                btn_init
 .text.__vector_1
                0x000001d8       0xa4 ECUAL/BTN/btn.o
                0x000001d8                __vector_1
 .text.led_init
                0x0000027c        0x8 ECUAL/LED/led.o
                0x0000027c                led_init
 .text.led_on   0x00000284        0x8 ECUAL/LED/led.o
                0x00000284                led_on
 .text.led_off  0x0000028c        0x8 ECUAL/LED/led.o
                0x0000028c                led_off
 .text.led_toggle
                0x00000294        0x6 ECUAL/LED/led.o
                0x00000294                led_toggle
 .text.main     0x0000029a        0xa main.o
                0x0000029a                main
 .text.DIO_init
                0x000002a4      0x116 MCAL/DIO/dio.o
                0x000002a4                DIO_init
 .text.DIO_write
                0x000003ba      0x116 MCAL/DIO/dio.o
                0x000003ba                DIO_write
 .text.DIO_toggle
                0x000004d0       0x7e MCAL/DIO/dio.o
                0x000004d0                DIO_toggle
 .text.interrupt_global_init
                0x0000054e        0x8 MCAL/Interrupt/interrupt.o
                0x0000054e                interrupt_global_init
 .text.interrupt_0_init
                0x00000556       0x14 MCAL/Interrupt/interrupt.o
                0x00000556                interrupt_0_init
 .text.interrupt_t0_overflow_init
                0x0000056a        0x8 MCAL/Interrupt/interrupt.o
                0x0000056a                interrupt_t0_overflow_init
 .text.TIMER_0_set_init_value
                0x00000572        0x4 MCAL/Timer/timer.o
                0x00000572                TIMER_0_set_init_value
 .text.TIMER_0_init
                0x00000576        0xc MCAL/Timer/timer.o
                0x00000576                TIMER_0_init
 .text.TIMER_0_start
                0x00000582       0x10 MCAL/Timer/timer.o
                0x00000582                TIMER_0_start
 .text.TIMER_0_stop
                0x00000592        0x8 MCAL/Timer/timer.o
                0x00000592                TIMER_0_stop
 .text.TIMER_0_delay
                0x0000059a        0xa MCAL/Timer/timer.o
                0x0000059a                TIMER_0_delay
 .text.TIMER_reset
                0x000005a4        0xc MCAL/Timer/timer.o
                0x000005a4                TIMER_reset
 .text.__vector_11
                0x000005b0       0x92 MCAL/Timer/timer.o
                0x000005b0                __vector_11
                0x00000642                . = ALIGN (0x2)
 *(.fini9)
 .fini9         0x00000642        0x0 c:/program files (x86)/atmel/studio/7.0/toolchain/avr8/avr8-gnu-toolchain/bin/../lib/gcc/avr/5.4.0/avr5\libgcc.a(_exit.o)
                0x00000642                _exit
                0x00000642                exit
 *(.fini9)
 *(.fini8)
 *(.fini8)
 *(.fini7)
 *(.fini7)
 *(.fini6)
 *(.fini6)
 *(.fini5)
 *(.fini5)
 *(.fini4)
 *(.fini4)
 *(.fini3)
 *(.fini3)
 *(.fini2)
 *(.fini2)
 *(.fini1)
 *(.fini1)
 *(.fini0)
 .fini0         0x00000642        0x4 c:/program files (x86)/atmel/studio/7.0/toolchain/avr8/avr8-gnu-toolchain/bin/../lib/gcc/avr/5.4.0/avr5\libgcc.a(_exit.o)
 *(.fini0)
                0x00000646                _etext = .

.data           0x00800060        0x0 load address 0x00000646
                [!provide]                PROVIDE (__data_start, .)
 *(.data)
 *(.data*)
 *(.gnu.linkonce.d*)
 *(.rodata)
 *(.rodata*)
 *(.gnu.linkonce.r*)
                0x00800060                . = ALIGN (0x2)
                0x00800060                _edata = .
                [!provide]                PROVIDE (__data_end, .)

.bss            0x00800060        0x3
                0x00800060                PROVIDE (__bss_start, .)
 *(.bss)
 *(.bss*)
 .bss.pedestrian_request
                0x00800060        0x1 Application/application.o
                0x00800060                pedestrian_request
 .bss.phase_count
                0x00800061        0x1 Application/application.o
                0x00800061                phase_count
 *(COMMON)
 COMMON         0x00800062        0x1 MCAL/Timer/timer.o
                0x00800062                overflow_count
                0x00800063                PROVIDE (__bss_end, .)
                0x00000646                __data_load_start = LOADADDR (.data)
                0x00000646                __data_load_end = (__data_load_start + SIZEOF (.data))

.noinit         0x00800063        0x0
                [!provide]                PROVIDE (__noinit_start, .)
 *(.noinit*)
                [!provide]                PROVIDE (__noinit_end, .)
                0x00800063                _end = .
                [!provide]                PROVIDE (__heap_start, .)

.eeprom         0x00810000        0x0
 *(.eeprom*)
                0x00810000                __eeprom_end = .

.fuse
 *(.fuse)
 *(.lfuse)
 *(.hfuse)
 *(.efuse)

.lock
 *(.lock*)

.signature
 *(.signature*)

.user_signatures
 *(.user_signatures*)

.stab
 *(.stab)

.stabstr
 *(.stabstr)

.stab.excl
 *(.stab.excl)

.stab.exclstr
 *(.stab.exclstr)

.stab.index
 *(.stab.index)

.stab.indexstr
 *(.stab.indexstr)

.comment        0x00000000       0x30
 *(.comment)
 .comment       0x00000000       0x30 Application/application.o
                                 0x31 (size before relaxing)
 .comment       0x00000030       0x31 ECUAL/BTN/btn.o
 .comment       0x00000030       0x31 ECUAL/LED/led.o
 .comment       0x00000030       0x31 main.o
 .comment       0x00000030       0x31 MCAL/DIO/dio.o
 .comment       0x00000030       0x31 MCAL/Interrupt/interrupt.o
 .comment       0x00000030       0x31 MCAL/Timer/timer.o

.note.gnu.avr.deviceinfo
                0x00000000       0x3c
 .note.gnu.avr.deviceinfo
                0x00000000       0x3c C:/Program Files (x86)/Atmel/Studio/7.0/Packs/atmel/ATmega_DFP/1.7.374/gcc/dev/atmega32a/avr5/crtatmega32a.o

.note.gnu.build-id
 *(.note.gnu.build-id)

.debug
 *(.debug)

.line
 *(.line)

.debug_srcinfo
 *(.debug_srcinfo)

.debug_sfnames
 *(.debug_sfnames)

.debug_aranges  0x00000000      0x168
 *(.debug_aranges)
 .debug_aranges
                0x00000000       0x28 Application/application.o
 .debug_aranges
                0x00000028       0x30 ECUAL/BTN/btn.o
 .debug_aranges
                0x00000058       0x38 ECUAL/LED/led.o
 .debug_aranges
                0x00000090       0x20 main.o
 .debug_aranges
                0x000000b0       0x38 MCAL/DIO/dio.o
 .debug_aranges
                0x000000e8       0x30 MCAL/Interrupt/interrupt.o
 .debug_aranges
                0x00000118       0x50 MCAL/Timer/timer.o

.debug_pubnames
 *(.debug_pubnames)

.debug_info     0x00000000     0x1065
 *(.debug_info .gnu.linkonce.wi.*)
 .debug_info    0x00000000      0x4e6 C:/Program Files (x86)/Atmel/Studio/7.0/Packs/atmel/ATmega_DFP/1.7.374/gcc/dev/atmega32a/avr5/crtatmega32a.o
 .debug_info    0x000004e6      0x328 Application/application.o
 .debug_info    0x0000080e      0x239 ECUAL/BTN/btn.o
 .debug_info    0x00000a47      0x1b6 ECUAL/LED/led.o
 .debug_info    0x00000bfd       0x84 main.o
 .debug_info    0x00000c81      0x150 MCAL/DIO/dio.o
 .debug_info    0x00000dd1       0x7b MCAL/Interrupt/interrupt.o
 .debug_info    0x00000e4c      0x219 MCAL/Timer/timer.o

.debug_abbrev   0x00000000      0x921
 *(.debug_abbrev)
 .debug_abbrev  0x00000000      0x4a3 C:/Program Files (x86)/Atmel/Studio/7.0/Packs/atmel/ATmega_DFP/1.7.374/gcc/dev/atmega32a/avr5/crtatmega32a.o
 .debug_abbrev  0x000004a3       0x98 Application/application.o
 .debug_abbrev  0x0000053b      0x103 ECUAL/BTN/btn.o
 .debug_abbrev  0x0000063e       0x80 ECUAL/LED/led.o
 .debug_abbrev  0x000006be       0x68 main.o
 .debug_abbrev  0x00000726       0x87 MCAL/DIO/dio.o
 .debug_abbrev  0x000007ad       0x44 MCAL/Interrupt/interrupt.o
 .debug_abbrev  0x000007f1      0x130 MCAL/Timer/timer.o

.debug_line     0x00000000      0x9e8
 *(.debug_line .debug_line.* .debug_line_end)
 .debug_line    0x00000000      0x116 C:/Program Files (x86)/Atmel/Studio/7.0/Packs/atmel/ATmega_DFP/1.7.374/gcc/dev/atmega32a/avr5/crtatmega32a.o
 .debug_line    0x00000116      0x24a Application/application.o
 .debug_line    0x00000360      0x154 ECUAL/BTN/btn.o
 .debug_line    0x000004b4       0xe5 ECUAL/LED/led.o
 .debug_line    0x00000599       0x6b main.o
 .debug_line    0x00000604      0x1c5 MCAL/DIO/dio.o
 .debug_line    0x000007c9       0xb7 MCAL/Interrupt/interrupt.o
 .debug_line    0x00000880      0x168 MCAL/Timer/timer.o

.debug_frame    0x00000000      0x29c
 *(.debug_frame)
 .debug_frame   0x00000000       0x34 Application/application.o
 .debug_frame   0x00000034       0x8c ECUAL/BTN/btn.o
 .debug_frame   0x000000c0       0x54 ECUAL/LED/led.o
 .debug_frame   0x00000114       0x24 main.o
 .debug_frame   0x00000138       0x54 MCAL/DIO/dio.o
 .debug_frame   0x0000018c       0x44 MCAL/Interrupt/interrupt.o
 .debug_frame   0x000001d0       0xcc MCAL/Timer/timer.o

.debug_str      0x00000000      0x4e8
 *(.debug_str)
 .debug_str     0x00000000      0x196 C:/Program Files (x86)/Atmel/Studio/7.0/Packs/atmel/ATmega_DFP/1.7.374/gcc/dev/atmega32a/avr5/crtatmega32a.o
 .debug_str     0x00000196      0x1fc Application/application.o
 .debug_str     0x00000392       0x6e ECUAL/BTN/btn.o
                                0x1d4 (size before relaxing)
 .debug_str     0x00000400       0x49 ECUAL/LED/led.o
                                0x1a3 (size before relaxing)
 .debug_str     0x00000449       0x11 main.o
                                0x14b (size before relaxing)
 .debug_str     0x0000045a       0x1c MCAL/DIO/dio.o
                                0x18b (size before relaxing)
 .debug_str     0x00000476       0x1e MCAL/Interrupt/interrupt.o
                                0x18f (size before relaxing)
 .debug_str     0x00000494       0x54 MCAL/Timer/timer.o
                                0x1e3 (size before relaxing)

.debug_loc      0x00000000      0x96c
 *(.debug_loc)
 .debug_loc     0x00000000      0x175 ECUAL/BTN/btn.o
 .debug_loc     0x00000175      0x108 ECUAL/LED/led.o
 .debug_loc     0x0000027d      0x624 MCAL/DIO/dio.o
 .debug_loc     0x000008a1       0xcb MCAL/Timer/timer.o

.debug_macinfo
 *(.debug_macinfo)

.debug_weaknames
 *(.debug_weaknames)

.debug_funcnames
 *(.debug_funcnames)

.debug_typenames
 *(.debug_typenames)

.debug_varnames
 *(.debug_varnames)

.debug_pubtypes
 *(.debug_pubtypes)

.debug_ranges   0x00000000       0xf8
 *(.debug_ranges)
 .debug_ranges  0x00000000       0x18 Application/application.o
 .debug_ranges  0x00000018       0x20 ECUAL/BTN/btn.o
 .debug_ranges  0x00000038       0x28 ECUAL/LED/led.o
 .debug_ranges  0x00000060       0x10 main.o
 .debug_ranges  0x00000070       0x28 MCAL/DIO/dio.o
 .debug_ranges  0x00000098       0x20 MCAL/Interrupt/interrupt.o
 .debug_ranges  0x000000b8       0x40 MCAL/Timer/timer.o

.debug_macro
 *(.debug_macro)
OUTPUT(on demand traffic light(fwd).elf elf32-avr)
LOAD linker stubs
